D:/game_2048/Core/Src/main.c:1071:13:SPI5_Write	16	static
D:/game_2048/Core/Src/main.c:262:6:SystemClock_Config	96	static
D:/game_2048/Core/Src/main.c:166:5:main	120	static
D:/game_2048/Core/Src/main.c:915:6:IOE_Init	0	static
D:/game_2048/Core/Src/main.c:924:6:IOE_ITConfig	0	static
D:/game_2048/Core/Src/main.c:936:6:IOE_Write	32	static
D:/game_2048/Core/Src/main.c:947:9:IOE_Read	32	static
D:/game_2048/Core/Src/main.c:960:10:IOE_ReadMultiple	24	static
D:/game_2048/Core/Src/main.c:969:6:IOE_Delay	0	static
D:/game_2048/Core/Src/main.c:1097:6:LCD_IO_Init	8	static
D:/game_2048/Core/Src/main.c:1107:6:LCD_IO_WriteData	16	static
D:/game_2048/Core/Src/main.c:1123:6:LCD_IO_WriteReg	16	static
D:/game_2048/Core/Src/main.c:1142:10:LCD_IO_ReadData	32	static
D:/game_2048/Core/Src/main.c:1169:6:LCD_Delay	0	static
D:/game_2048/Core/Src/main.c:1183:6:getJoystickDirection	8	static
D:/game_2048/Core/Src/main.c:1201:6:StartDefaultTask	64	static
D:/game_2048/Core/Src/main.c:1248:6:HAL_TIM_PeriodElapsedCallback	0	static
D:/game_2048/Core/Src/main.c:1266:6:Error_Handler	0	static
