../../Middlewares/ST/touchgfx/framework/include/touchgfx/Screen.hpp:104:18:virtual void touchgfx::Screen::afterTransition()	0	static
../../Middlewares/ST/touchgfx/framework/include/touchgfx/Screen.hpp:154:18:virtual void touchgfx::Screen::handleKeyEvent(uint8_t)	0	static
D:/game_2048/TouchGFX/gui/src/screen2_screen/Screen2View.cpp:82:6:virtual void Screen2View::tearDownScreen()	0	static
../../TouchGFX/gui/include/gui/screen2_screen/Screen2View.hpp:11:13:Screen2View::~Screen2View()	8	static
../../TouchGFX/gui/include/gui/screen2_screen/Screen2View.hpp:11:13:virtual Screen2View::~Screen2View()	8	static
D:/game_2048/TouchGFX/gui/src/screen2_screen/Screen2View.cpp:16:1:Screen2View::Screen2View()	8	static
D:/game_2048/TouchGFX/gui/src/screen2_screen/Screen2View.cpp:19:11:touchgfx::colortype getColorForValue(int)	0	static
D:/game_2048/TouchGFX/gui/src/screen2_screen/Screen2View.cpp:37:6:void Screen2View::saveHighScoreToFlash()	32	static
D:/game_2048/TouchGFX/gui/src/screen2_screen/Screen2View.cpp:60:6:void Screen2View::loadHighScoreFromFlash()	0	static
D:/game_2048/TouchGFX/gui/src/screen2_screen/Screen2View.cpp:101:6:void Screen2View::spawnTile()	144	static
D:/game_2048/TouchGFX/gui/src/screen2_screen/Screen2View.cpp:197:6:void Screen2View::moveUp()	24	static
D:/game_2048/TouchGFX/gui/src/screen2_screen/Screen2View.cpp:220:6:void Screen2View::moveDown()	24	static
D:/game_2048/TouchGFX/gui/src/screen2_screen/Screen2View.cpp:243:6:void Screen2View::moveLeft()	28	static
D:/game_2048/TouchGFX/gui/src/screen2_screen/Screen2View.cpp:266:6:void Screen2View::moveRight()	28	static
D:/game_2048/TouchGFX/gui/src/screen2_screen/Screen2View.cpp:324:6:bool Screen2View::isGameOver()	16	static
D:/game_2048/TouchGFX/gui/src/screen2_screen/Screen2View.cpp:136:6:void Screen2View::updateUI()	40	static
D:/game_2048/TouchGFX/gui/src/screen2_screen/Screen2View.cpp:87:6:void Screen2View::initGame()	8	static
D:/game_2048/TouchGFX/gui/src/screen2_screen/Screen2View.cpp:75:6:virtual void Screen2View::setupScreen()	8	static
D:/game_2048/TouchGFX/gui/src/screen2_screen/Screen2View.cpp:289:6:virtual void Screen2View::restart()	8	static
D:/game_2048/TouchGFX/gui/src/screen2_screen/Screen2View.cpp:298:6:virtual void Screen2View::tickEvent()	24	static
