../../Middlewares/ST/touchgfx/framework/include/touchgfx/Screen.hpp:104:18:virtual void touchgfx::Screen::afterTransition()	0	static
../../Middlewares/ST/touchgfx/framework/include/touchgfx/Screen.hpp:154:18:virtual void touchgfx::Screen::handleKeyEvent(uint8_t)	0	static
D:/game_2048/TouchGFX/gui/src/screen2_screen/Screen2View.cpp:22:6:virtual void Screen2View::tearDownScreen()	0	static
../../TouchGFX/gui/include/gui/screen2_screen/Screen2View.hpp:11:13:Screen2View::~Screen2View()	8	static
../../TouchGFX/gui/include/gui/screen2_screen/Screen2View.hpp:11:13:virtual Screen2View::~Screen2View()	8	static
D:/game_2048/TouchGFX/gui/src/screen2_screen/Screen2View.cpp:10:1:Screen2View::Screen2View()	8	static
D:/game_2048/TouchGFX/gui/src/screen2_screen/Screen2View.cpp:39:6:void Screen2View::spawnTile()	144	static
D:/game_2048/TouchGFX/gui/src/screen2_screen/Screen2View.cpp:103:6:void Screen2View::moveUp()	24	static
D:/game_2048/TouchGFX/gui/src/screen2_screen/Screen2View.cpp:126:6:void Screen2View::moveDown()	24	static
D:/game_2048/TouchGFX/gui/src/screen2_screen/Screen2View.cpp:149:6:void Screen2View::moveLeft()	28	static
D:/game_2048/TouchGFX/gui/src/screen2_screen/Screen2View.cpp:171:6:void Screen2View::moveRight()	28	static
D:/game_2048/TouchGFX/gui/src/screen2_screen/Screen2View.cpp:58:6:void Screen2View::updateUI()	24	static
D:/game_2048/TouchGFX/gui/src/screen2_screen/Screen2View.cpp:28:6:void Screen2View::initGame()	8	static
D:/game_2048/TouchGFX/gui/src/screen2_screen/Screen2View.cpp:15:6:virtual void Screen2View::setupScreen()	8	static
D:/game_2048/TouchGFX/gui/src/screen2_screen/Screen2View.cpp:195:6:virtual void Screen2View::restart()	0	static
D:/game_2048/TouchGFX/gui/src/screen2_screen/Screen2View.cpp:202:6:virtual void Screen2View::tickEvent()	24	static
